[23:50:30] [main/INFO]: Loading Minecraft 1.20.6 with Fabric Loader 0.16.3
[23:50:31] [ForkJoinPool-1-worker-1/WARN]: Mod com_github_shevek_parallelgzip uses the version af5f5c297e735f3f2df7aa4eb0e19a5810b8aff6 which isn't compatible with Loader's extended semantic version format (Could not parse version number component 'af5f5c297e735f3f2df7aa4eb0e19a5810b8aff6'!), SemVer is recommended for reliably evaluating dependencies and prioritizing newer version
[23:50:31] [main/WARN]: Warnings were found!
 - Mod 'Textile Backup' (textile_backup) 3.1.3-1.20 recommends any version of modmenu, which is missing!
	 - You should install any version of modmenu for the optimal experience.
[23:50:31] [main/INFO]: Loading 52 mods:
	- carpet 1.4.141+v240429
	- carpetskyadditions 1.20.6-4.4.2
	- cloth-config 14.0.139
	   \-- cloth-basic-math 0.6.1
	- fabric-api 0.100.8+1.20.6
	   |-- fabric-api-base 0.4.40+80f8cf51b0
	   |-- fabric-api-lookup-api-v1 1.6.59+e9d2a72bb0
	   |-- fabric-biome-api-v1 13.0.25+be5d88beb0
	   |-- fabric-block-api-v1 1.0.20+6dfe4c9bb0
	   |-- fabric-block-view-api-v2 1.0.8+80f8cf51b0
	   |-- fabric-blockrenderlayer-v1 1.1.50+80f8cf51b0
	   |-- fabric-client-tags-api-v1 1.1.12+7f945d5bb0
	   |-- fabric-command-api-v1 1.2.45+f71b366fb0
	   |-- fabric-command-api-v2 2.2.24+80f8cf51b0
	   |-- fabric-commands-v0 0.2.62+df3654b3b0
	   |-- fabric-content-registries-v0 8.0.6+b82b2392b0
	   |-- fabric-convention-tags-v1 2.0.7+7f945d5bb0
	   |-- fabric-convention-tags-v2 2.1.3+f4bfb622b0
	   |-- fabric-crash-report-info-v1 0.2.27+80f8cf51b0
	   |-- fabric-data-attachment-api-v1 1.1.17+2a2c66b6b0
	   |-- fabric-data-generation-api-v1 19.2.5+a5d5299db0
	   |-- fabric-dimensions-v1 2.1.68+94793913b0
	   |-- fabric-entity-events-v1 1.6.8+e9d2a72bb0
	   |-- fabric-events-interaction-v0 0.7.6+c5fc38b3b0
	   |-- fabric-game-rule-api-v1 1.0.50+80f8cf51b0
	   |-- fabric-item-api-v1 8.2.3+6e5bbc4ab0
	   |-- fabric-item-group-api-v1 4.1.1+f4bfb622b0
	   |-- fabric-key-binding-api-v1 1.0.45+80f8cf51b0
	   |-- fabric-keybindings-v0 0.2.43+df3654b3b0
	   |-- fabric-lifecycle-events-v1 2.3.4+c5fc38b3b0
	   |-- fabric-loot-api-v2 3.0.6+97f703dab0
	   |-- fabric-message-api-v1 6.0.11+a7dc0e41b0
	   |-- fabric-model-loading-api-v1 1.0.12+80f8cf51b0
	   |-- fabric-models-v0 0.4.11+9386d8a7b0
	   |-- fabric-networking-api-v1 4.2.0+a916f7c5b0
	   |-- fabric-object-builder-api-v1 15.1.5+c5fc38b3b0
	   |-- fabric-particles-v1 4.0.0+c5fc38b3b0
	   |-- fabric-recipe-api-v1 5.0.6+9c745bbbb0
	   |-- fabric-registry-sync-v0 5.0.19+c7d49fa1b0
	   |-- fabric-renderer-api-v1 3.3.0+81dac6a1b0
	   |-- fabric-renderer-indigo 1.5.15+41791025b0
	   |-- fabric-renderer-registries-v1 3.2.62+df3654b3b0
	   |-- fabric-rendering-data-attachment-v1 0.3.46+73761d2eb0
	   |-- fabric-rendering-fluids-v1 3.1.3+2c869dedb0
	   |-- fabric-rendering-v0 1.1.65+df3654b3b0
	   |-- fabric-rendering-v1 4.2.5+850ef40bb0
	   |-- fabric-resource-conditions-api-v1 4.2.0+a5d5299db0
	   |-- fabric-resource-loader-v0 1.1.1+f4bfb622b0
	   |-- fabric-screen-api-v1 2.0.21+7b70ea8ab0
	   |-- fabric-screen-handler-api-v1 1.3.76+8c7b71c2b0
	   |-- fabric-sound-api-v1 1.0.21+c5fc38b3b0
	   |-- fabric-transfer-api-v1 5.1.7+7fc4b352b0
	   \-- fabric-transitive-access-wideners-v1 6.0.10+74e2f560b0
	- fabricloader 0.16.3
	   \-- mixinextras 0.4.1
	- java 21
	- lithium 0.12.5
	- minecraft 1.20.6
	- mr_health_indicator 2
	- skinrestorer 2.3.2+1.20.5-fabric
	   \-- org_mineskin_java-client 3.0.1-SNAPSHOT
	- textile_backup 3.1.3-1.20
	   |-- com_github_shevek_parallelgzip af5f5c297e735f3f2df7aa4eb0e19a5810b8aff6
	   |-- org_apache_commons_commons-compress 1.22
	   \-- org_tukaani_xz 1.9
[23:50:31] [main/INFO]: SpongePowered MIXIN Subsystem Version=0.8.7 Source=file:/workspaces/ServerconMods/servidor_minecraft/libraries/net/fabricmc/sponge-mixin/0.15.2+mixin.0.8.7/sponge-mixin-0.15.2+mixin.0.8.7.jar Service=Knot/Fabric Env=SERVER
[23:50:31] [main/INFO]: Compatibility level set to JAVA_17
[23:50:31] [main/INFO]: Compatibility level set to JAVA_21
[23:50:31] [main/INFO]: Loaded configuration file for Lithium: 124 options available, 0 override(s) found
[23:50:32] [main/INFO]: Initializing MixinExtras via com.llamalad7.mixinextras.service.MixinExtrasServiceImpl(version=0.4.1).
[23:50:42] [main/INFO]: [Textile Backup] Starting Textile Backup 3.1.3-1.20:1.20.6 by Szum123321
[23:50:43] [main/INFO]: Environment: Environment[sessionHost=https://sessionserver.mojang.com, servicesHost=https://api.minecraftservices.com, name=PROD]
[23:50:44] [main/INFO]: Loaded 1200 recipes
[23:50:44] [main/ERROR]: Couldn't load tag minecraft:tick as it is missing following references: hp:tick (from mr_health_indicator)
[23:50:44] [main/INFO]: Loaded 1401 advancements
[23:50:45] [main/INFO]: Applied 0 biome modifications to 0 of 64 new biomes in 1.648 ms
[23:50:45] [Server thread/INFO]: Starting minecraft server version 1.20.6
[23:50:45] [Server thread/INFO]: Loading properties
[23:50:45] [Server thread/INFO]: Default game type: SURVIVAL
[23:50:45] [Server thread/INFO]: Generating keypair
[23:50:45] [Server thread/INFO]: Starting Minecraft server on *:25565
[23:50:45] [Server thread/INFO]: Using epoll channel type
[23:50:45] [Server thread/WARN]: **** SERVER IS RUNNING IN OFFLINE/INSECURE MODE!
[23:50:45] [Server thread/WARN]: The server will make no attempt to authenticate usernames. Beware.
[23:50:45] [Server thread/WARN]: While this makes the game possible to play without internet access, it also opens up the ability for hackers to connect with any username they choose.
[23:50:45] [Server thread/WARN]: To change this, set "online-mode" to "true" in the server.properties file.
[23:50:45] [Server thread/INFO]: Preparing level "world"
[23:50:45] [Server thread/INFO]: [CM] Loaded 4 settings from carpet.conf
[23:50:45] [Server thread/INFO]: [CM] Loaded 24 settings from carpetskyadditions.conf
[23:50:48] [Server thread/INFO]: Preparing start region for dimension minecraft:overworld
[23:50:49] [Worker-Main-1/INFO]: Preparing spawn area: 0%
[23:50:49] [Worker-Main-3/INFO]: Preparing spawn area: 0%
[23:50:49] [Worker-Main-1/INFO]: Preparing spawn area: 36%
[23:50:49] [Server thread/INFO]: Time elapsed: 1060 ms
[23:50:49] [Server thread/INFO]: Done (3.905s)! For help, type "help"
[23:51:09] [Server thread/INFO]: noxox[/127.242.93.67:60019] logged in with entity id 3 at (10.5, 73.0, 6.5)
[23:51:09] [Server thread/INFO]: noxox joined the game
[23:51:10] [Server thread/INFO]: Player noxox joined with a matching carpet client
[23:51:12] [Server thread/INFO]: SerkkoxX[/127.159.234.88:57757] logged in with entity id 79 at (-1.247451151040535, -63.5, 156.63478199087658)
[23:51:12] [Server thread/INFO]: SerkkoxX joined the game
[23:51:13] [Server thread/INFO]: Player SerkkoxX joined with a matching carpet client
[23:51:41] [Server thread/INFO]: Jorbdaj[/127.159.234.88:55929] logged in with entity id 101 at (7.100688477692701, 64.0, 13.265031170471358)
[23:51:41] [Server thread/INFO]: Jorbdaj joined the game
[23:51:42] [Server thread/INFO]: Player Jorbdaj joined with a matching carpet client
[23:51:56] [Server thread/INFO]: Jorbdaj fell out of the world
[23:52:00] [Server thread/INFO]: SerkkoxX fell out of the world
[23:52:31] [Server thread/INFO]: [SerkkoxX: Applied effect Glowing to SerkkoxX]
[23:52:47] [Server thread/INFO]: noxox fell out of the world
[23:53:28] [Server thread/INFO]: [SerkkoxX: Updated the color for team [red] to dark_purple]
[23:53:36] [Server thread/INFO]: [SerkkoxX: Updated the color for team [red] to dark_gray]
[23:53:43] [Server thread/INFO]: [SerkkoxX: Updated the color for team [red] to dark_green]
[23:53:51] [Server thread/INFO]: noxox was slain by Jorbdaj
[23:53:54] [Server thread/INFO]: [SerkkoxX: Updated the color for team [red] to white]
[23:54:23] [Server thread/INFO]: [SerkkoxX: Removed every effect from SerkkoxX]
[23:54:28] [Server thread/INFO]: SerkkoxX was slain by noxox
[23:54:57] [Server thread/INFO]: Jorbdaj was slain by SerkkoxX
[23:55:07] [Server thread/INFO]: noxox was slain by SerkkoxX
[23:55:40] [Server thread/WARN]: SerkkoxX moved too quickly! -0.7047693570467096,-11.065764912039818,0.18960936729394007
[23:55:43] [Server thread/INFO]: SerkkoxX fell out of the world
